../Core/Src/W25Qxx.c:21:6:W25Q_Delay	16	static
../Core/Src/W25Qxx.c:26:6:csLOW	8	static
../Core/Src/W25Qxx.c:31:6:csHIGH	8	static
../Core/Src/W25Qxx.c:36:6:SPI_Write	16	static
../Core/Src/W25Qxx.c:41:6:SPI_Read	16	static
../Core/Src/W25Qxx.c:48:6:W25Q_Reset	16	static
../Core/Src/W25Qxx.c:59:10:W25Q_ReadID	16	static
../Core/Src/W25Qxx.c:70:6:W25Q_Read	40	static
../Core/Src/W25Qxx.c:105:6:W25Q_FastRead	40	static
../Core/Src/W25Qxx.c:142:6:write_enable	16	static
../Core/Src/W25Qxx.c:151:6:write_disable	16	static
../Core/Src/W25Qxx.c:160:10:bytestowrite	16	static
../Core/Src/W25Qxx.c:166:10:bytestomodify	16	static
../Core/Src/W25Qxx.c:172:6:W25Q_Erase_Sector	32	static
../Core/Src/W25Qxx.c:210:6:W25Q_Write_Clean	344	static
../Core/Src/W25Qxx.c:292:6:W25Q_Write	4160	static
../Core/Src/W25Qxx.c:322:9:W25Q_Read_Byte	32	static
../Core/Src/W25Qxx.c:359:6:W25Q_Write_Byte	24	static
../Core/Src/W25Qxx.c:398:6:W25Q_Write_Page	344	static
